[2026-02-01T15:52:15.821Z] info: kubernetes.yaml was copied to the config folder
[2026-02-01T15:52:35.639Z] error: Host validation failed for: michaelscott.lan:3000. Hint: Set the HOMEPAGE_ALLOWED_HOSTS environment variable to allow requests from this host / port.
[2026-02-01T15:52:35.994Z] error: Host validation failed for: michaelscott.lan:3000. Hint: Set the HOMEPAGE_ALLOWED_HOSTS environment variable to allow requests from this host / port.
[2026-02-01T15:52:36.013Z] error: Host validation failed for: michaelscott.lan:3000. Hint: Set the HOMEPAGE_ALLOWED_HOSTS environment variable to allow requests from this host / port.
[2026-02-01T15:52:36.028Z] error: Host validation failed for: michaelscott.lan:3000. Hint: Set the HOMEPAGE_ALLOWED_HOSTS environment variable to allow requests from this host / port.
[2026-02-01T15:52:36.044Z] error: Host validation failed for: michaelscott.lan:3000. Hint: Set the HOMEPAGE_ALLOWED_HOSTS environment variable to allow requests from this host / port.
[2026-02-01T15:52:36.058Z] error: Host validation failed for: michaelscott.lan:3000. Hint: Set the HOMEPAGE_ALLOWED_HOSTS environment variable to allow requests from this host / port.
[2026-02-01T15:52:36.130Z] error: Host validation failed for: michaelscott.lan:3000. Hint: Set the HOMEPAGE_ALLOWED_HOSTS environment variable to allow requests from this host / port.
[2026-02-01T15:52:36.284Z] error: Host validation failed for: michaelscott.lan:3000. Hint: Set the HOMEPAGE_ALLOWED_HOSTS environment variable to allow requests from this host / port.
[2026-02-01T15:52:36.299Z] error: Host validation failed for: michaelscott.lan:3000. Hint: Set the HOMEPAGE_ALLOWED_HOSTS environment variable to allow requests from this host / port.
[2026-02-01T15:52:36.312Z] error: Host validation failed for: michaelscott.lan:3000. Hint: Set the HOMEPAGE_ALLOWED_HOSTS environment variable to allow requests from this host / port.
[2026-02-01T15:52:36.324Z] error: Host validation failed for: michaelscott.lan:3000. Hint: Set the HOMEPAGE_ALLOWED_HOSTS environment variable to allow requests from this host / port.
[2026-02-01T15:52:36.333Z] error: Host validation failed for: michaelscott.lan:3000. Hint: Set the HOMEPAGE_ALLOWED_HOSTS environment variable to allow requests from this host / port.
[2026-02-01T15:52:42.520Z] error: Host validation failed for: michaelscott.lan:3000. Hint: Set the HOMEPAGE_ALLOWED_HOSTS environment variable to allow requests from this host / port.
[2026-02-01T15:52:42.550Z] error: Host validation failed for: michaelscott.lan:3000. Hint: Set the HOMEPAGE_ALLOWED_HOSTS environment variable to allow requests from this host / port.
[2026-02-01T15:52:48.873Z] error: Host validation failed for: michaelscott.lan:3000. Hint: Set the HOMEPAGE_ALLOWED_HOSTS environment variable to allow requests from this host / port.
[2026-02-01T15:52:48.882Z] error: Host validation failed for: michaelscott.lan:3000. Hint: Set the HOMEPAGE_ALLOWED_HOSTS environment variable to allow requests from this host / port.
[2026-02-01T15:53:00.820Z] error: Host validation failed for: michaelscott.lan:3000. Hint: Set the HOMEPAGE_ALLOWED_HOSTS environment variable to allow requests from this host / port.
[2026-02-01T15:53:00.835Z] error: Host validation failed for: michaelscott.lan:3000. Hint: Set the HOMEPAGE_ALLOWED_HOSTS environment variable to allow requests from this host / port.
[2026-02-01T15:53:33.411Z] error: Host validation failed for: michaelscott.lan:3000. Hint: Set the HOMEPAGE_ALLOWED_HOSTS environment variable to allow requests from this host / port.
[2026-02-01T15:53:33.418Z] error: Host validation failed for: michaelscott.lan:3000. Hint: Set the HOMEPAGE_ALLOWED_HOSTS environment variable to allow requests from this host / port.
[2026-02-01T15:53:40.847Z] error: Host validation failed for: michaelscott.lan:3000. Hint: Set the HOMEPAGE_ALLOWED_HOSTS environment variable to allow requests from this host / port.
[2026-02-01T15:53:40.855Z] error: Host validation failed for: michaelscott.lan:3000. Hint: Set the HOMEPAGE_ALLOWED_HOSTS environment variable to allow requests from this host / port.
[2026-02-01T15:54:06.099Z] error: Host validation failed for: michaelscott.lan:3000. Hint: Set the HOMEPAGE_ALLOWED_HOSTS environment variable to allow requests from this host / port.
[2026-02-01T15:54:06.132Z] error: Host validation failed for: michaelscott.lan:3000. Hint: Set the HOMEPAGE_ALLOWED_HOSTS environment variable to allow requests from this host / port.
[2026-02-01T15:54:09.107Z] error: Host validation failed for: michaelscott.lan:3000. Hint: Set the HOMEPAGE_ALLOWED_HOSTS environment variable to allow requests from this host / port.
[2026-02-01T15:54:09.253Z] error: Host validation failed for: michaelscott.lan:3000. Hint: Set the HOMEPAGE_ALLOWED_HOSTS environment variable to allow requests from this host / port.
[2026-02-01T15:54:09.274Z] error: Host validation failed for: michaelscott.lan:3000. Hint: Set the HOMEPAGE_ALLOWED_HOSTS environment variable to allow requests from this host / port.
[2026-02-01T15:54:09.290Z] error: Host validation failed for: michaelscott.lan:3000. Hint: Set the HOMEPAGE_ALLOWED_HOSTS environment variable to allow requests from this host / port.
[2026-02-01T15:54:09.311Z] error: Host validation failed for: michaelscott.lan:3000. Hint: Set the HOMEPAGE_ALLOWED_HOSTS environment variable to allow requests from this host / port.
[2026-02-01T15:54:09.326Z] error: Host validation failed for: michaelscott.lan:3000. Hint: Set the HOMEPAGE_ALLOWED_HOSTS environment variable to allow requests from this host / port.
[2026-02-01T15:54:09.337Z] error: Host validation failed for: michaelscott.lan:3000. Hint: Set the HOMEPAGE_ALLOWED_HOSTS environment variable to allow requests from this host / port.
[2026-02-01T15:54:09.387Z] error: Host validation failed for: michaelscott.lan:3000. Hint: Set the HOMEPAGE_ALLOWED_HOSTS environment variable to allow requests from this host / port.
[2026-02-01T15:54:09.462Z] error: Host validation failed for: michaelscott.lan:3000. Hint: Set the HOMEPAGE_ALLOWED_HOSTS environment variable to allow requests from this host / port.
[2026-02-01T15:54:09.526Z] error: Host validation failed for: michaelscott.lan:3000. Hint: Set the HOMEPAGE_ALLOWED_HOSTS environment variable to allow requests from this host / port.
[2026-02-01T15:54:09.539Z] error: Host validation failed for: michaelscott.lan:3000. Hint: Set the HOMEPAGE_ALLOWED_HOSTS environment variable to allow requests from this host / port.
[2026-02-01T15:54:09.615Z] error: Host validation failed for: michaelscott.lan:3000. Hint: Set the HOMEPAGE_ALLOWED_HOSTS environment variable to allow requests from this host / port.
[2026-02-01T15:54:21.819Z] error: Host validation failed for: michaelscott.lan:3000. Hint: Set the HOMEPAGE_ALLOWED_HOSTS environment variable to allow requests from this host / port.
[2026-02-01T15:54:21.841Z] error: Host validation failed for: michaelscott.lan:3000. Hint: Set the HOMEPAGE_ALLOWED_HOSTS environment variable to allow requests from this host / port.
[2026-02-01T15:54:22.532Z] info: docker.yaml was copied to the config folder
[2026-02-01T15:54:22.534Z] info: services.yaml was copied to the config folder
[2026-02-01T15:54:22.534Z] info: bookmarks.yaml was copied to the config folder
[2026-02-01T15:54:22.535Z] info: proxmox.yaml was copied to the config folder
[2026-02-01T15:54:22.563Z] info: widgets.yaml was copied to the config folder
[2026-02-01T15:54:22.564Z] info: custom.css was copied to the config folder
[2026-02-01T15:54:22.564Z] info: custom.js was copied to the config folder
[2026-02-01T15:55:47.627Z] error: Host validation failed for: michaelscott.lan:3000. Hint: Set the HOMEPAGE_ALLOWED_HOSTS environment variable to allow requests from this host / port.
[2026-02-01T15:55:47.849Z] error: Host validation failed for: michaelscott.lan:3000. Hint: Set the HOMEPAGE_ALLOWED_HOSTS environment variable to allow requests from this host / port.
[2026-02-01T15:55:47.876Z] error: Host validation failed for: michaelscott.lan:3000. Hint: Set the HOMEPAGE_ALLOWED_HOSTS environment variable to allow requests from this host / port.
[2026-02-01T15:55:47.885Z] error: Host validation failed for: michaelscott.lan:3000. Hint: Set the HOMEPAGE_ALLOWED_HOSTS environment variable to allow requests from this host / port.
[2026-02-01T15:55:47.895Z] error: Host validation failed for: michaelscott.lan:3000. Hint: Set the HOMEPAGE_ALLOWED_HOSTS environment variable to allow requests from this host / port.
[2026-02-01T15:55:47.907Z] error: Host validation failed for: michaelscott.lan:3000. Hint: Set the HOMEPAGE_ALLOWED_HOSTS environment variable to allow requests from this host / port.
[2026-02-01T15:55:47.913Z] error: Host validation failed for: michaelscott.lan:3000. Hint: Set the HOMEPAGE_ALLOWED_HOSTS environment variable to allow requests from this host / port.
[2026-02-01T15:55:48.072Z] error: Host validation failed for: michaelscott.lan:3000. Hint: Set the HOMEPAGE_ALLOWED_HOSTS environment variable to allow requests from this host / port.
[2026-02-01T15:55:48.102Z] error: Host validation failed for: michaelscott.lan:3000. Hint: Set the HOMEPAGE_ALLOWED_HOSTS environment variable to allow requests from this host / port.
[2026-02-01T15:55:48.117Z] error: Host validation failed for: michaelscott.lan:3000. Hint: Set the HOMEPAGE_ALLOWED_HOSTS environment variable to allow requests from this host / port.
[2026-02-01T15:55:48.126Z] error: Host validation failed for: michaelscott.lan:3000. Hint: Set the HOMEPAGE_ALLOWED_HOSTS environment variable to allow requests from this host / port.
[2026-02-01T15:55:48.135Z] error: Host validation failed for: michaelscott.lan:3000. Hint: Set the HOMEPAGE_ALLOWED_HOSTS environment variable to allow requests from this host / port.
[2026-02-01T15:55:48.420Z] error: Host validation failed for: michaelscott.lan:3000. Hint: Set the HOMEPAGE_ALLOWED_HOSTS environment variable to allow requests from this host / port.
